> Task :app:preBuild UP-TO-DATE
> Task :app:preDebugBuild UP-TO-DATE
> Task :app:dataBindingMergeDependencyArtifactsDebug UP-TO-DATE
> Task :app:generateDebugResources UP-TO-DATE
> Task :app:mergeDebugResources UP-TO-DATE
> Task :app:packageDebugResources UP-TO-DATE
> Task :app:processDebugNavigationResources UP-TO-DATE
> Task :app:parseDebugLocalResources UP-TO-DATE
> Task :app:dataBindingGenBaseClassesDebug UP-TO-DATE
> Task :app:generateDebugBuildConfig UP-TO-DATE
> Task :app:generateDebugRFile UP-TO-DATE
> Task :app:compileDebugKotlin NO-SOURCE
> Task :app:javaPreCompileDebug UP-TO-DATE
> Task :app:compileDebugJavaWithJavac UP-TO-DATE
> Task :app:checkDebugAarMetadata UP-TO-DATE
> Task :app:mapDebugSourceSetPaths UP-TO-DATE
> Task :app:compileDebugNavigationResources UP-TO-DATE
> Task :app:createDebugCompatibleScreenManifests UP-TO-DATE
> Task :app:extractDeepLinksDebug UP-TO-DATE
> Task :app:processDebugMainManifest UP-TO-DATE
> Task :app:processDebugManifest UP-TO-DATE
> Task :app:processDebugManifestForPackage UP-TO-DATE
> Task :app:processDebugResources UP-TO-DATE
> Task :app:bundleDebugClassesToCompileJar UP-TO-DATE
> Task :app:preDebugAndroidTestBuild SKIPPED
> Task :app:dataBindingMergeDependencyArtifactsDebugAndroidTest UP-TO-DATE
> Task :app:generateDebugAndroidTestResources UP-TO-DATE
> Task :app:mergeDebugAndroidTestResources UP-TO-DATE
> Task :app:dataBindingGenBaseClassesDebugAndroidTest UP-TO-DATE
> Task :app:processDebugAndroidTestManifest UP-TO-DATE
> Task :app:generateDebugAndroidTestBuildConfig UP-TO-DATE
> Task :app:packageDebugAndroidTestResources UP-TO-DATE
> Task :app:processDebugAndroidTestNavigationResources UP-TO-DATE
> Task :app:parseDebugAndroidTestLocalResources UP-TO-DATE
> Task :app:generateDebugAndroidTestRFile UP-TO-DATE
> Task :app:compileDebugAndroidTestKotlin NO-SOURCE
> Task :app:javaPreCompileDebugAndroidTest UP-TO-DATE

> Task :app:compileDebugAndroidTestJavaWithJavac FAILED
D:\GitHub\LYH20001111\Development\Android-MinimalistBookkeeping\app\src\androidTest\java\com\skyanchor\bookkeeping\data\database\MigrationTest.java:598: 错误: 无法将类 SyncCursorEntity中的构造器 SyncCursorEntity应用到给定类型;
                new com.skyanchor.bookkeeping.data.entity.SyncCursorEntity();
                ^
  需要: String,String
  找到:    没有参数
  原因: 实际参数列表和形式参数列表长度不同
D:\GitHub\LYH20001111\Development\Android-MinimalistBookkeeping\app\src\androidTest\java\com\skyanchor\bookkeeping\data\database\MigrationTest.java:603: 错误: 无法将接口 SyncCursorDao中的方法 find应用到给定类型;
        assertEquals(42L, db.syncCursorDao().find("test@example.com").lastChangeId);
                                            ^
  需要: String,String
  找到:    String
  原因: 实际参数列表和形式参数列表长度不同
2 个错误

[Incubating] Problems report is available at: file:///D:/GitHub/LYH20001111/Development/Android-MinimalistBookkeeping/build/reports/problems/problems-report.html

FAILURE: Build failed with an exception.

* What went wrong:
Execution failed for task ':app:compileDebugAndroidTestJavaWithJavac'.
> Compilation failed; see the compiler output below.
  D:\GitHub\LYH20001111\Development\Android-MinimalistBookkeeping\app\src\androidTest\java\com\skyanchor\bookkeeping\data\database\MigrationTest.java:598: 错误: 无法将类 SyncCursorEntity中的构造器 SyncCursorEntity应用到给定类型;
                  new com.skyanchor.bookkeeping.data.entity.SyncCursorEntity();
                  ^
    需要: String,String
    找到:    没有参数
    原因: 实际参数列表和形式参数列表长度不同
  D:\GitHub\LYH20001111\Development\Android-MinimalistBookkeeping\app\src\androidTest\java\com\skyanchor\bookkeeping\data\database\MigrationTest.java:603: 错误: 无法将接口 SyncCursorDao中的方法 find应用到给定类型;
          assertEquals(42L, db.syncCursorDao().find("test@example.com").lastChangeId);
                                              ^
    需要: String,String
    找到:    String
    原因: 实际参数列表和形式参数列表长度不同
  2 个错误

* Try:
> Check your code and dependencies to fix the compilation error(s)
> Run with --scan to get full insights from a Build Scan (powered by Develocity).

BUILD FAILED in 1s
33 actionable tasks: 1 executed, 32 up-to-date
